apps/wails/internal/endpointhealth/prober.go:67:5: if statement can be modernized using max
apps/wails/internal/endpointhealth/prober.go:74:3: copying variable is unneeded
apps/wails/internal/endpointhealth/prober.go:76:3: Goroutine creation can be simplified using WaitGroup.Go
cmd/internal/commands/admin/resource.go:379:6: for loop can be modernized using range over int
cmd/internal/commands/connect/command.go:1028:6: stringPtr can be an inlinable wrapper around new(expr)
cmd/internal/server/tcp_mux.go:32:2: Goroutine creation can be simplified using WaitGroup.Go
cmd/internal/server/tcp_mux.go:67:3: Goroutine creation can be simplified using WaitGroup.Go
cmd/internal/server/workspace_test.go:114:72: Replace []byte(fmt.Sprintf...) with fmt.Appendf
cmd/internal/server/workspace_test.go:150:72: Replace []byte(fmt.Sprintf...) with fmt.Appendf
cmd/internal/server/workspace_test.go:26:72: Replace []byte(fmt.Sprintf...) with fmt.Appendf
cmd/internal/server/workspace_test.go:564:69: Replace []byte(fmt.Sprintf...) with fmt.Appendf
cmd/internal/server/workspace_test.go:613:34: Replace []byte(fmt.Sprintf...) with fmt.Appendf
cmd/internal/service/service_test.go:823:2: Loop can be simplified using slices.Contains
cmd/internal/storage/storage_test.go:465:3: Goroutine creation can be simplified using WaitGroup.Go
examples/genx/main.go:382:24: Ranging over SplitSeq is more efficient
examples/genx/main.go:387:11: strings.Index can be simplified using strings.Cut
examples/songs/main.go:826:9: if statement can be modernized using max
examples/songs/main.go:856:6: for loop can be modernized using range over int
examples/voiceprint/main.go:342:7: for loop can be modernized using range over int
examples/voiceprint/main.go:355:6: for loop can be modernized using range over int
examples/voiceprint/main.go:378:5: if statement can be modernized using min
examples/voiceprint/main_test.go:252:6: for loop can be modernized using range over int
pkgs/agent/memory/compact.go:70:5: if statement can be modernized using max
pkgs/agent/memory/compact_regression_test.go:92:5: if statement can be modernized using max
pkgs/agent/ncnn/ncnn_test.go:21:2: Loop can be simplified using slices.Contains
pkgs/agent/recall/keys.go:72:12: strings.IndexByte can be simplified using strings.Cut
pkgs/audio/codec/ogg/packet.go:50:6: if statement can be modernized using min
pkgs/audio/codec/opus/opus_cgo_supported.go:222:5: if statement can be modernized using max
pkgs/audio/pcm/mixer_test.go:496:6: if statement can be modernized using min
pkgs/audio/pcm/mixer_test.go:683:3: Goroutine creation can be simplified using WaitGroup.Go
pkgs/audio/pcm/mixer_test.go:791:3: Goroutine creation can be simplified using WaitGroup.Go
pkgs/audio/portaudio/config.go:68:5: if statement can be modernized using max
pkgs/audio/resampler/resampler.go:2:1: +build line is no longer needed
pkgs/audio/resampler/sample_reader_test.go:209:5: if statement can be modernized using min
pkgs/audio/voiceprint/detector_common.go:59:5: if statement can be modernized using min
pkgs/audio/voiceprint/model_ncnn.go:166:5: if statement can be modernized using min
pkgs/audio/voiceprint/model_ncnn_test.go:333:13: call of ptrToFbankConfig(x) can be simplified to new(x)
pkgs/audio/voiceprint/model_ncnn_test.go:35:6: ptrToFbankConfig can be an inlinable wrapper around new(expr)
pkgs/buffer/buffer_test.go:62:7: if statement can be modernized using min
pkgs/genx/transformers/doubaoasr/history.go:91:6: if statement can be modernized using max
pkgs/genx/transformers/doubaoast/implementation_test.go:116:3: Goroutine creation can be simplified using WaitGroup.Go
pkgs/genx/transformers/doubaoast/implementation_test.go:1497:4: using string += string in a loop is inefficient
pkgs/genx/transformers/doubaorealtime/implementation_test.go:96:3: Goroutine creation can be simplified using WaitGroup.Go
pkgs/genx/transformers/doubaorealtime/realtime_audio.go:282:7: for loop can be modernized using range over int
pkgs/genx/transformers/doubaorealtime/realtime_audio.go:298:7: for loop can be modernized using range over int
pkgs/genx/transformers/doubaorealtimeduplex/implementation_test.go:75:3: Goroutine creation can be simplified using WaitGroup.Go
pkgs/gizclaw/api/openaihttp/generated_test.go:177:6: stringPtr can be an inlinable wrapper around new(expr)
pkgs/gizclaw/api/openaihttp/generated_test.go:66:11: Replace []byte(fmt.Sprintf...) with fmt.Appendf
pkgs/gizclaw/api/openaihttp/generated_test.go:80:19: call of stringPtr(x) can be simplified to new(x)
pkgs/gizclaw/credential_body_test.go:10:6: testStringPtr can be an inlinable wrapper around new(expr)
pkgs/gizclaw/credential_body_test.go:14:80: call of testStringPtr(x) can be simplified to new(x)
pkgs/gizclaw/credential_body_test.go:34:78: call of testStringPtr(x) can be simplified to new(x)
pkgs/gizclaw/integration_admin_service_test.go:108:58: call of strPtr(x) can be simplified to new(x)
pkgs/gizclaw/integration_admin_service_test.go:190:58: call of strPtr(x) can be simplified to new(x)
pkgs/gizclaw/integration_admin_service_test.go:19:58: call of strPtr(x) can be simplified to new(x)
pkgs/gizclaw/integration_admin_service_test.go:83:58: call of strPtr(x) can be simplified to new(x)
pkgs/gizclaw/integration_peer_http_test.go:18:16: call of strPtr(x) can be simplified to new(x)
pkgs/gizclaw/integration_peer_http_test.go:19:48: call of strPtr(x) can be simplified to new(x)
pkgs/gizclaw/integration_peer_http_test.go:21:18: call of strPtr(x) can be simplified to new(x)
pkgs/gizclaw/integration_peer_http_test.go:22:18: call of strPtr(x) can be simplified to new(x)
pkgs/gizclaw/integration_peer_http_test.go:49:10: call of strPtr(x) can be simplified to new(x)
pkgs/gizclaw/integration_peer_http_test.go:50:10: call of strPtr(x) can be simplified to new(x)
pkgs/gizclaw/integration_peer_rpc_test.go:21:58: call of strPtr(x) can be simplified to new(x)
pkgs/gizclaw/integration_peer_rpc_test.go:25:18: call of strPtr(x) can be simplified to new(x)
pkgs/gizclaw/integration_peer_rpc_test.go:26:18: call of strPtr(x) can be simplified to new(x)
pkgs/gizclaw/integration_peer_rpc_test.go:28:48: call of strPtr(x) can be simplified to new(x)
pkgs/gizclaw/integration_peer_rpc_test.go:30:73: call of strPtr(x) can be simplified to new(x)
pkgs/gizclaw/integration_peer_rpc_test.go:45:58: call of strPtr(x) can be simplified to new(x)
pkgs/gizclaw/integration_peer_rpc_test.go:48:73: call of strPtr(x) can be simplified to new(x)
pkgs/gizclaw/integration_peer_service_test.go:15:76: call of strPtr(x) can be simplified to new(x)
pkgs/gizclaw/integration_peer_service_test.go:19:9: call of strPtr(x) can be simplified to new(x)
pkgs/gizclaw/integration_peer_service_test.go:21:11: call of strPtr(x) can be simplified to new(x)
pkgs/gizclaw/integration_peer_service_test.go:22:39: call of strPtr(x) can be simplified to new(x)
pkgs/gizclaw/integration_peer_service_test.go:71:58: call of strPtr(x) can be simplified to new(x)
pkgs/gizclaw/integration_rpc_test.go:159:11: call of strPtr(x) can be simplified to new(x)
pkgs/gizclaw/integration_rpc_test.go:160:11: call of strPtr(x) can be simplified to new(x)
pkgs/gizclaw/integration_rpc_test.go:174:92: call of strPtr(x) can be simplified to new(x)
pkgs/gizclaw/integration_utils_test.go:800:6: strPtr can be an inlinable wrapper around new(expr)
pkgs/gizclaw/internal/socialutil/util.go:289:6: IntPtr can be an inlinable wrapper around new(expr)
pkgs/gizclaw/internal/socialutil/util_test.go:162:6: strPtr can be an inlinable wrapper around new(expr)
pkgs/gizclaw/internal/socialutil/util_test.go:22:60: call of strPtr(x) can be simplified to new(x)
pkgs/gizclaw/internal/socialutil/util_test.go:23:62: call of strPtr(x) can be simplified to new(x)
pkgs/gizclaw/internal/socialutil/util_test.go:63:28: call of strPtr(x) can be simplified to new(x)
pkgs/gizclaw/internal/socialutil/util_test.go:64:28: call of strPtr(x) can be simplified to new(x)
pkgs/gizclaw/internal/socialutil/util_test.go:65:28: call of strPtr(x) can be simplified to new(x)
pkgs/gizclaw/peer_conn_test.go:1101:6: for loop can be modernized using range over int
pkgs/gizclaw/peer_conn_test.go:1191:119: call of peerConnIntPtr(x) can be simplified to new(x)
pkgs/gizclaw/peer_conn_test.go:1199:113: call of peerConnBoolPtr(x) can be simplified to new(x)
pkgs/gizclaw/peer_conn_test.go:1207:6: for loop can be modernized using range over int
pkgs/gizclaw/peer_conn_test.go:1676:6: peerConnBoolPtr can be an inlinable wrapper around new(expr)
pkgs/gizclaw/peer_conn_test.go:1680:6: peerConnIntPtr can be an inlinable wrapper around new(expr)
pkgs/gizclaw/peer_service.go:128:6: for loop can be modernized using range over int
pkgs/gizclaw/peer_service_serve_admin_test.go:397:23: call of adminTestStringPtr(x) can be simplified to new(x)
pkgs/gizclaw/peer_service_serve_admin_test.go:447:73: call of adminTestStringPtr(x) can be simplified to new(x)
pkgs/gizclaw/peer_service_serve_admin_test.go:701:6: adminTestStringPtr can be an inlinable wrapper around new(expr)
pkgs/gizclaw/rpc_server_service_test.go:156:151: call of intPtr(x) can be simplified to new(x)
pkgs/gizclaw/rpc_server_service_test.go:29:46: call of stringPtr(x) can be simplified to new(x)
pkgs/gizclaw/rpc_server_service_test.go:31:46: call of stringPtr(x) can be simplified to new(x)
pkgs/gizclaw/rpc_server_service_test.go:34:92: call of stringPtr(x) can be simplified to new(x)
pkgs/gizclaw/rpc_server_service_test.go:35:92: call of stringPtr(x) can be simplified to new(x)
pkgs/gizclaw/rpc_server_service_test.go:36:92: call of stringPtr(x) can be simplified to new(x)
pkgs/gizclaw/rpc_server_service_test.go:40:26: call of boolPtr(x) can be simplified to new(x)
pkgs/gizclaw/rpc_server_service_test.go:41:26: call of boolPtr(x) can be simplified to new(x)
pkgs/gizclaw/rpc_server_service_test.go:42:26: call of boolPtr(x) can be simplified to new(x)
pkgs/gizclaw/rpc_server_service_test.go:73:105: call of stringPtr(x) can be simplified to new(x)
pkgs/gizclaw/rpc_server_service_test.go:817:6: stringPtr can be an inlinable wrapper around new(expr)
pkgs/gizclaw/rpc_server_service_test.go:821:6: intPtr can be an inlinable wrapper around new(expr)
pkgs/gizclaw/rpc_server_service_test.go:825:6: boolPtr can be an inlinable wrapper around new(expr)
pkgs/gizclaw/rpc_speech.go:531:2: Loop can be simplified using slices.Contains
pkgs/gizclaw/services/ai/credential/credential_body_test.go:13:80: call of testStringPtr(x) can be simplified to new(x)
pkgs/gizclaw/services/ai/credential/credential_body_test.go:9:6: testStringPtr can be an inlinable wrapper around new(expr)
pkgs/gizclaw/services/ai/openaiapi/server.go:261:23: Ranging over SplitSeq is more efficient
pkgs/gizclaw/services/ai/openaiapi/server.go:611:66: call of stringPtr(x) can be simplified to new(x)
pkgs/gizclaw/services/ai/openaiapi/server.go:905:6: stringPtr can be an inlinable wrapper around new(expr)
pkgs/gizclaw/services/ai/openaiapi/server_test.go:114:75: call of stringPtr(x) can be simplified to new(x)
pkgs/gizclaw/services/ai/openaiapi/server_test.go:808:23: Ranging over SplitSeq is more efficient
pkgs/gizclaw/services/ai/openaiapi/server_test.go:845:23: Ranging over SplitSeq is more efficient
pkgs/gizclaw/services/ai/peergenx/ast_translate_test.go:15:17: call of testStringPtr(x) can be simplified to new(x)
pkgs/gizclaw/services/ai/peergenx/ast_translate_test.go:16:17: call of testStringPtr(x) can be simplified to new(x)
pkgs/gizclaw/services/ai/peergenx/credential_body_test.go:11:80: call of testStringPtr(x) can be simplified to new(x)
pkgs/gizclaw/services/ai/peergenx/credential_body_test.go:32:3: copying variable is unneeded
pkgs/gizclaw/services/ai/peergenx/credential_body_test.go:57:80: call of testStringPtr(x) can be simplified to new(x)
pkgs/gizclaw/services/ai/peergenx/credential_body_test.go:66:3: copying variable is unneeded
pkgs/gizclaw/services/ai/peergenx/credential_body_test.go:7:6: testStringPtr can be an inlinable wrapper around new(expr)
pkgs/gizclaw/services/ai/providertenants/credential_body_test.go:13:80: call of testStringPtr(x) can be simplified to new(x)
pkgs/gizclaw/services/ai/providertenants/credential_body_test.go:26:3: copying variable is unneeded
pkgs/gizclaw/services/ai/providertenants/credential_body_test.go:52:3: copying variable is unneeded
pkgs/gizclaw/services/ai/providertenants/credential_body_test.go:9:6: testStringPtr can be an inlinable wrapper around new(expr)
pkgs/gizclaw/services/ai/providertenants/deepseek_tenant_test.go:145:121: call of stringPtr(x) can be simplified to new(x)
pkgs/gizclaw/services/ai/providertenants/deepseek_tenant_test.go:146:121: call of stringPtr(x) can be simplified to new(x)
pkgs/gizclaw/services/ai/providertenants/openai_tenant_test.go:126:61: call of stringPtr(x) can be simplified to new(x)
pkgs/gizclaw/services/ai/providertenants/openai_tenant_test.go:127:70: call of stringPtr(x) can be simplified to new(x)
pkgs/gizclaw/services/ai/providertenants/server.go:469:3: Loop can be simplified using slices.Contains
pkgs/gizclaw/services/ai/providertenants/server.go:933:3: Replace m[k]=v loop with maps.Copy
pkgs/gizclaw/services/ai/providertenants/server.go:953:6: intPtr can be an inlinable wrapper around new(expr)
pkgs/gizclaw/services/ai/providertenants/server_test.go:1047:23: call of stringPtr(x) can be simplified to new(x)
pkgs/gizclaw/services/ai/providertenants/server_test.go:1128:17: call of stringPtr(x) can be simplified to new(x)
pkgs/gizclaw/services/ai/providertenants/server_test.go:1130:17: call of stringPtr(x) can be simplified to new(x)
pkgs/gizclaw/services/ai/providertenants/server_test.go:119:14: call of timePtr(x) can be simplified to new(x)
pkgs/gizclaw/services/ai/providertenants/server_test.go:1239:17: call of stringPtr(x) can be simplified to new(x)
pkgs/gizclaw/services/ai/providertenants/server_test.go:1260:17: call of stringPtr(x) can be simplified to new(x)
pkgs/gizclaw/services/ai/providertenants/server_test.go:1261:17: call of stringPtr(x) can be simplified to new(x)
pkgs/gizclaw/services/ai/providertenants/server_test.go:1263:17: call of stringPtr(x) can be simplified to new(x)
pkgs/gizclaw/services/ai/providertenants/server_test.go:1634:51: call of stringPtr(x) can be simplified to new(x)
pkgs/gizclaw/services/ai/providertenants/server_test.go:1659:25: call of stringPtr(x) can be simplified to new(x)
pkgs/gizclaw/services/ai/providertenants/server_test.go:1662:21: call of stringPtr(x) can be simplified to new(x)
pkgs/gizclaw/services/ai/providertenants/server_test.go:1662:41: call of stringPtr(x) can be simplified to new(x)
pkgs/gizclaw/services/ai/providertenants/server_test.go:1665:20: call of stringPtr(x) can be simplified to new(x)
pkgs/gizclaw/services/ai/providertenants/server_test.go:1665:40: call of stringPtr(x) can be simplified to new(x)
pkgs/gizclaw/services/ai/providertenants/server_test.go:173:26: call of stringPtr(x) can be simplified to new(x)
pkgs/gizclaw/services/ai/providertenants/server_test.go:173:55: call of stringPtr(x) can be simplified to new(x)
pkgs/gizclaw/services/ai/providertenants/server_test.go:1748:17: call of stringPtr(x) can be simplified to new(x)
pkgs/gizclaw/services/ai/providertenants/server_test.go:174:25: call of stringPtr(x) can be simplified to new(x)
pkgs/gizclaw/services/ai/providertenants/server_test.go:174:54: call of stringPtr(x) can be simplified to new(x)
pkgs/gizclaw/services/ai/providertenants/server_test.go:175:26: call of stringPtr(x) can be simplified to new(x)
pkgs/gizclaw/services/ai/providertenants/server_test.go:175:55: call of stringPtr(x) can be simplified to new(x)
pkgs/gizclaw/services/ai/providertenants/server_test.go:2007:6: stringPtr can be an inlinable wrapper around new(expr)
pkgs/gizclaw/services/ai/providertenants/server_test.go:2011:6: timePtr can be an inlinable wrapper around new(expr)
pkgs/gizclaw/services/ai/providertenants/server_test.go:217:17: call of stringPtr(x) can be simplified to new(x)
pkgs/gizclaw/services/ai/providertenants/server_test.go:268:17: call of stringPtr(x) can be simplified to new(x)
pkgs/gizclaw/services/ai/providertenants/server_test.go:363:35: call of stringPtr(x) can be simplified to new(x)
pkgs/gizclaw/services/ai/providertenants/server_test.go:414:98: call of stringPtr(x) can be simplified to new(x)
pkgs/gizclaw/services/ai/providertenants/server_test.go:700:23: call of stringPtr(x) can be simplified to new(x)
pkgs/gizclaw/services/ai/providertenants/server_test.go:771:23: call of stringPtr(x) can be simplified to new(x)
pkgs/gizclaw/services/ai/providertenants/server_test.go:814:23: call of stringPtr(x) can be simplified to new(x)
pkgs/gizclaw/services/ai/providertenants/server_test.go:868:23: call of stringPtr(x) can be simplified to new(x)
pkgs/gizclaw/services/ai/providertenants/server_test.go:928:23: call of stringPtr(x) can be simplified to new(x)
pkgs/gizclaw/services/ai/providertenants/volc.go:919:3: copying variable is unneeded
pkgs/gizclaw/services/ai/voice/server.go:676:4: Replace m[k]=v loop with maps.Copy
pkgs/gizclaw/services/ai/voice/server_test.go:173:24: call of stringPtr(x) can be simplified to new(x)
pkgs/gizclaw/services/ai/voice/server_test.go:383:32: call of stringPtr(x) can be simplified to new(x)
pkgs/gizclaw/services/ai/voice/server_test.go:431:6: stringPtr can be an inlinable wrapper around new(expr)
pkgs/gizclaw/services/ai/workflow/agents/asttranslate/factory_test.go:107:75: call of stringPtr(x) can be simplified to new(x)
pkgs/gizclaw/services/ai/workflow/agents/asttranslate/factory_test.go:111:89: call of stringPtr(x) can be simplified to new(x)
pkgs/gizclaw/services/ai/workflow/agents/asttranslate/factory_test.go:153:6: stringPtr can be an inlinable wrapper around new(expr)
pkgs/gizclaw/services/ai/workflow/agents/doubaorealtime/factory_test.go:16:6: stringPtr can be an inlinable wrapper around new(expr)
pkgs/gizclaw/services/ai/workflow/agents/doubaorealtime/factory_test.go:174:10: call of stringPtr(x) can be simplified to new(x)
pkgs/gizclaw/services/ai/workflow/agents/doubaorealtime/factory_test.go:47:17: call of stringPtr(x) can be simplified to new(x)
pkgs/gizclaw/services/ai/workflow/agents/doubaorealtime/factory_test.go:55:13: call of stringPtr(x) can be simplified to new(x)
pkgs/gizclaw/services/ai/workflow/agents/doubaorealtime/factory_test.go:60:84: call of stringPtr(x) can be simplified to new(x)
pkgs/gizclaw/services/ai/workflow/agents/doubaorealtime/factory_test.go:71:15: call of stringPtr(x) can be simplified to new(x)
pkgs/gizclaw/services/ai/workflow/agents/flowcraft/credential_body_test.go:10:6: testStringPtr can be an inlinable wrapper around new(expr)
pkgs/gizclaw/services/ai/workflow/agents/flowcraft/credential_body_test.go:116:78: call of testStringPtr(x) can be simplified to new(x)
pkgs/gizclaw/services/ai/workflow/agents/flowcraft/credential_body_test.go:14:80: call of testStringPtr(x) can be simplified to new(x)
pkgs/gizclaw/services/ai/workflow/agents/flowcraft/credential_body_test.go:35:3: copying variable is unneeded
pkgs/gizclaw/services/ai/workflow/agents/flowcraft/credential_body_test.go:60:80: call of testStringPtr(x) can be simplified to new(x)
pkgs/gizclaw/services/ai/workflow/agents/flowcraft/credential_body_test.go:68:86: call of testStringPtr(x) can be simplified to new(x)
pkgs/gizclaw/services/ai/workflow/agents/flowcraft/credential_body_test.go:77:3: copying variable is unneeded
pkgs/gizclaw/services/device/firmware/artifact.go:574:23: Ranging over SplitSeq is more efficient
pkgs/gizclaw/services/device/firmware/artifact.go:574:2: Loop can be simplified using slices.Contains
pkgs/gizclaw/services/device/firmware/artifact_fuzz_test.go:78:23: Ranging over SplitSeq is more efficient
pkgs/gizclaw/services/device/firmware/artifact_fuzz_test.go:78:2: Loop can be simplified using slices.Contains
pkgs/gizclaw/services/device/firmware/server_test.go:123:80: call of ptr(x) can be simplified to new(x)
pkgs/gizclaw/services/device/firmware/server_test.go:135:94: call of ptr(x) can be simplified to new(x)
pkgs/gizclaw/services/device/firmware/server_test.go:178:88: call of ptr(x) can be simplified to new(x)
pkgs/gizclaw/services/device/firmware/server_test.go:183:100: call of ptr(x) can be simplified to new(x)
pkgs/gizclaw/services/device/firmware/server_test.go:188:81: call of ptr(x) can be simplified to new(x)
pkgs/gizclaw/services/device/firmware/server_test.go:191:88: call of ptr(x) can be simplified to new(x)
pkgs/gizclaw/services/device/firmware/server_test.go:203:92: call of ptr(x) can be simplified to new(x)
pkgs/gizclaw/services/device/firmware/server_test.go:41:83: call of ptr(x) can be simplified to new(x)
pkgs/gizclaw/services/device/firmware/server_test.go:472:94: call of ptr(x) can be simplified to new(x)
pkgs/gizclaw/services/device/firmware/server_test.go:487:82: call of ptr(x) can be simplified to new(x)
pkgs/gizclaw/services/device/firmware/server_test.go:557:6: ptr can be an inlinable wrapper around new(expr)
pkgs/gizclaw/services/device/firmware/server_test.go:561:6: int64Ptr can be an inlinable wrapper around new(expr)
pkgs/gizclaw/services/device/firmware/server_test.go:92:92: call of ptr(x) can be simplified to new(x)
pkgs/gizclaw/services/gameplay/reward.go:207:6: stringPtr can be an inlinable wrapper around new(expr)
pkgs/gizclaw/services/runtime/agent/resolver.go:63:5: HasPrefix + TrimPrefix can be simplified to CutPrefix
pkgs/gizclaw/services/runtime/peer/store_ops.go:398:5: if statement can be modernized using min
pkgs/gizclaw/services/runtime/peerresource/access.go:610:6: ptr can be an inlinable wrapper around new(expr)
pkgs/gizclaw/services/runtime/peerresource/server.go:1417:19: reflect.TypeOf call can be simplified using TypeFor
pkgs/gizclaw/services/runtime/peerresource/server.go:1417:83: reflect.TypeOf call can be simplified using TypeFor
pkgs/gizclaw/services/runtime/peerresource/server.go:1425:19: reflect.TypeOf call can be simplified using TypeFor
pkgs/gizclaw/services/runtime/peerresource/server.go:1425:81: reflect.TypeOf call can be simplified using TypeFor
pkgs/gizclaw/services/runtime/peertelemetry/codec_test.go:503:103: call of intPtr(x) can be simplified to new(x)
pkgs/gizclaw/services/runtime/peertelemetry/codec_test.go:520:19: call of intPtr(x) can be simplified to new(x)
pkgs/gizclaw/services/runtime/peertelemetry/codec_test.go:533:19: call of intPtr(x) can be simplified to new(x)
pkgs/gizclaw/services/runtime/peertelemetry/codec_test.go:562:21: call of intPtr(x) can be simplified to new(x)
pkgs/gizclaw/services/runtime/peertelemetry/codec_test.go:564:21: call of boolPtr(x) can be simplified to new(x)
pkgs/gizclaw/services/runtime/peertelemetry/codec_test.go:587:19: call of intPtr(x) can be simplified to new(x)
pkgs/gizclaw/services/runtime/peertelemetry/codec_test.go:588:19: call of boolPtr(x) can be simplified to new(x)
pkgs/gizclaw/services/runtime/peertelemetry/codec_test.go:594:21: call of intPtr(x) can be simplified to new(x)
pkgs/gizclaw/services/runtime/peertelemetry/codec_test.go:622:20: call of float64Ptr(x) can be simplified to new(x)
pkgs/gizclaw/services/runtime/peertelemetry/codec_test.go:624:20: call of float64Ptr(x) can be simplified to new(x)
pkgs/gizclaw/services/runtime/peertelemetry/codec_test.go:728:6: intPtr can be an inlinable wrapper around new(expr)
pkgs/gizclaw/services/runtime/peertelemetry/codec_test.go:732:6: boolPtr can be an inlinable wrapper around new(expr)
pkgs/gizclaw/services/runtime/peertelemetry/codec_test.go:736:6: float64Ptr can be an inlinable wrapper around new(expr)
pkgs/gizclaw/services/runtime/peertelemetry/codec_test.go:88:13: call of intPtr(x) can be simplified to new(x)
pkgs/gizclaw/services/runtime/peertelemetry/mapper.go:240:3: Replace m[k]=v loop with maps.Copy
pkgs/gizclaw/services/runtime/peertelemetry/status.go:163:4: Replace m[k]=v loop with maps.Copy
pkgs/gizclaw/services/runtime/peertelemetry/status.go:169:4: Replace m[k]=v loop with maps.Copy
pkgs/gizclaw/services/social/contact/server_test.go:107:17: call of strPtr(x) can be simplified to new(x)
pkgs/gizclaw/services/social/contact/server_test.go:108:17: call of strPtr(x) can be simplified to new(x)
pkgs/gizclaw/services/social/contact/server_test.go:113:112: call of strPtr(x) can be simplified to new(x)
pkgs/gizclaw/services/social/contact/server_test.go:125:19: call of strPtr(x) can be simplified to new(x)
pkgs/gizclaw/services/social/contact/server_test.go:126:19: call of strPtr(x) can be simplified to new(x)
pkgs/gizclaw/services/social/contact/server_test.go:140:19: call of strPtr(x) can be simplified to new(x)
pkgs/gizclaw/services/social/contact/server_test.go:147:19: call of strPtr(x) can be simplified to new(x)
pkgs/gizclaw/services/social/contact/server_test.go:155:19: call of strPtr(x) can be simplified to new(x)
pkgs/gizclaw/services/social/contact/server_test.go:162:19: call of strPtr(x) can be simplified to new(x)
pkgs/gizclaw/services/social/contact/server_test.go:167:55: call of intPtr(x) can be simplified to new(x)
pkgs/gizclaw/services/social/contact/server_test.go:174:71: call of intPtr(x) can be simplified to new(x)
pkgs/gizclaw/services/social/contact/server_test.go:181:51: call of intPtr(x) can be simplified to new(x)
pkgs/gizclaw/services/social/contact/server_test.go:188:69: call of intPtr(x) can be simplified to new(x)
pkgs/gizclaw/services/social/contact/server_test.go:197:16: call of strPtr(x) can be simplified to new(x)
pkgs/gizclaw/services/social/contact/server_test.go:198:16: call of strPtr(x) can be simplified to new(x)
pkgs/gizclaw/services/social/contact/server_test.go:21:16: call of strPtr(x) can be simplified to new(x)
pkgs/gizclaw/services/social/contact/server_test.go:229:69: call of strPtr(x) can be simplified to new(x)
pkgs/gizclaw/services/social/contact/server_test.go:229:86: call of strPtr(x) can be simplified to new(x)
pkgs/gizclaw/services/social/contact/server_test.go:22:16: call of strPtr(x) can be simplified to new(x)
pkgs/gizclaw/services/social/contact/server_test.go:239:102: call of strPtr(x) can be simplified to new(x)
pkgs/gizclaw/services/social/contact/server_test.go:239:79: call of strPtr(x) can be simplified to new(x)
pkgs/gizclaw/services/social/contact/server_test.go:250:66: call of strPtr(x) can be simplified to new(x)
pkgs/gizclaw/services/social/contact/server_test.go:250:81: call of strPtr(x) can be simplified to new(x)
pkgs/gizclaw/services/social/contact/server_test.go:253:74: call of strPtr(x) can be simplified to new(x)
pkgs/gizclaw/services/social/contact/server_test.go:265:19: call of strPtr(x) can be simplified to new(x)
pkgs/gizclaw/services/social/contact/server_test.go:269:68: call of strPtr(x) can be simplified to new(x)
pkgs/gizclaw/services/social/contact/server_test.go:280:103: call of strPtr(x) can be simplified to new(x)
pkgs/gizclaw/services/social/contact/server_test.go:298:6: strPtr can be an inlinable wrapper around new(expr)
pkgs/gizclaw/services/social/contact/server_test.go:302:6: intPtr can be an inlinable wrapper around new(expr)
pkgs/gizclaw/services/social/contact/server_test.go:34:105: call of strPtr(x) can be simplified to new(x)
pkgs/gizclaw/services/social/contact/server_test.go:37:105: call of strPtr(x) can be simplified to new(x)
pkgs/gizclaw/services/social/contact/server_test.go:43:16: call of strPtr(x) can be simplified to new(x)
pkgs/gizclaw/services/social/contact/server_test.go:44:16: call of strPtr(x) can be simplified to new(x)
pkgs/gizclaw/services/social/contact/server_test.go:54:16: call of strPtr(x) can be simplified to new(x)
pkgs/gizclaw/services/social/contact/server_test.go:64:16: call of strPtr(x) can be simplified to new(x)
pkgs/gizclaw/services/social/contact/server_test.go:65:16: call of strPtr(x) can be simplified to new(x)
pkgs/gizclaw/services/social/friendgroup/server_test.go:1018:6: strPtr can be an inlinable wrapper around new(expr)
pkgs/gizclaw/services/social/friendgroup/server_test.go:586:112: call of strPtr(x) can be simplified to new(x)
pkgs/gizclaw/services/social/friendgroup/server_test.go:613:46: call of strPtr(x) can be simplified to new(x)
pkgs/gizclaw/services/social/friendgroup/server_test.go:726:94: call of IntPtr(x) can be simplified to new(x)
pkgs/gizclaw/services/system/publiclogin/server_test.go:118:10: Replace []byte(fmt.Sprintf...) with fmt.Appendf
pkgs/gizclaw/services/system/publiclogin/server_test.go:455:10: Replace []byte(fmt.Sprintf...) with fmt.Appendf
pkgs/gizclaw/services/system/resourcemanager/common_test.go:141:6: ptr can be an inlinable wrapper around new(expr)
pkgs/gizclaw/services/system/resourcemanager/credential_body_test.go:13:80: call of testStringPtr(x) can be simplified to new(x)
pkgs/gizclaw/services/system/resourcemanager/credential_body_test.go:9:6: testStringPtr can be an inlinable wrapper around new(expr)
pkgs/gizclaw/services/system/resourcemanager/credential_test.go:45:16: call of ptr(x) can be simplified to new(x)
pkgs/gizclaw/services/system/resourcemanager/firmware_test.go:293:50: call of stringPtr(x) can be simplified to new(x)
pkgs/gizclaw/services/system/resourcemanager/firmware_test.go:297:6: stringPtr can be an inlinable wrapper around new(expr)
pkgs/gizclaw/services/system/resourcemanager/minimax_test.go:105:17: call of stringPtr(x) can be simplified to new(x)
pkgs/gizclaw/services/system/resourcemanager/minimax_test.go:218:17: call of stringPtr(x) can be simplified to new(x)
pkgs/gizclaw/services/system/resourcemanager/minimax_test.go:221:17: call of stringPtr(x) can be simplified to new(x)
pkgs/gizclaw/services/system/resourcemanager/minimax_test.go:247:17: call of stringPtr(x) can be simplified to new(x)
pkgs/gizclaw/services/system/resourcemanager/minimax_test.go:250:17: call of stringPtr(x) can be simplified to new(x)
pkgs/gizclaw/services/system/resourcemanager/minimax_test.go:275:17: call of stringPtr(x) can be simplified to new(x)
pkgs/gizclaw/services/system/resourcemanager/minimax_test.go:278:17: call of stringPtr(x) can be simplified to new(x)
pkgs/gizclaw/services/system/resourcemanager/minimax_test.go:311:17: call of stringPtr(x) can be simplified to new(x)
pkgs/gizclaw/services/system/resourcemanager/minimax_test.go:345:16: call of ptr(x) can be simplified to new(x)
pkgs/gizclaw/services/system/resourcemanager/minimax_test.go:77:17: call of stringPtr(x) can be simplified to new(x)
pkgs/gizclaw/services/system/resourcemanager/workspace.go:192:3: Replace m[k]=v loop with maps.Copy
pkgs/gizclaw/test_credential_body_external_test.go:31:6: stringPtr can be an inlinable wrapper around new(expr)
pkgs/gizedge/config_test.go:306:6: for loop can be modernized using range over int
pkgs/gizedge/config_test.go:525:17: context.WithCancel can be modernized using t.Context
pkgs/giznet/gizhttp/server_test.go:121:17: context.WithCancel can be modernized using t.Context
pkgs/giznet/gizhttp/server_test.go:45:17: context.WithCancel can be modernized using t.Context
pkgs/store/graph/kvgraph.go:179:3: Replace m[k]=v loop with maps.Copy
pkgs/store/vecstore/hnsw.go:375:5: if statement can be modernized using min
pkgs/store/vecstore/hnsw.go:447:5: if statement can be modernized using max
pkgs/store/vecstore/hnsw.go:542:5: if statement can be modernized using min
pkgs/store/vecstore/hnsw_io.go:381:5: if statement can be modernized using max
pkgs/store/vecstore/hnsw_test.go:70:5: if statement can be modernized using min
pkgs/store/vecstore/hnsw_test.go:81:2: Loop can be simplified using slices.Contains
pkgs/trie/trie.go:118:7: strings.IndexByte can be simplified using strings.Cut
pkgs/trie/trie.go:48:12: strings.IndexByte can be simplified using strings.Cut
sdk/go/gizcli/credential_body_test.go:11:78: call of testStringPtr(x) can be simplified to new(x)
sdk/go/gizcli/credential_body_test.go:7:6: testStringPtr can be an inlinable wrapper around new(expr)
sdk/go/gizcli/rpc_firmware_test.go:77:6: for loop can be modernized using range over int
tools/quality/main.go:179:23: Ranging over SplitSeq is more efficient
