pkgs/gizclaw/api/rpcapi/codec_test.go:363:46: call of t.Fatalf copies lock value: github.com/GizClaw/gizclaw-go/pkgs/gizclaw/api/rpcproto.PingRequest contains google.golang.org/protobuf/runtime/protoimpl.MessageState contains sync.Mutex
pkgs/gizclaw/api/rpcapi/codec_test.go:386:47: call of t.Fatalf copies lock value: github.com/GizClaw/gizclaw-go/pkgs/gizclaw/api/rpcproto.PingResponse contains google.golang.org/protobuf/runtime/protoimpl.MessageState contains sync.Mutex
pkgs/gizclaw/api/rpcapi/codec_test.go:424:46: call of t.Fatalf copies lock value: github.com/GizClaw/gizclaw-go/pkgs/gizclaw/api/rpcproto.ServerPeerAssignRequest contains google.golang.org/protobuf/runtime/protoimpl.MessageState contains sync.Mutex
pkgs/gizclaw/api/rpcapi/codec_test.go:453:47: call of t.Fatalf copies lock value: github.com/GizClaw/gizclaw-go/pkgs/gizclaw/api/rpcproto.ServerPeerAssignResponse contains google.golang.org/protobuf/runtime/protoimpl.MessageState contains sync.Mutex
pkgs/gizclaw/api/rpcapi/codec_test.go:465:38: call of t.Fatalf copies lock value: github.com/GizClaw/gizclaw-go/pkgs/gizclaw/api/rpcproto.ServerPeerAssignResponse contains google.golang.org/protobuf/runtime/protoimpl.MessageState contains sync.Mutex
pkgs/gizclaw/api/rpcapi/codec_test.go:629:27: call of t.Fatalf copies lock value: github.com/GizClaw/gizclaw-go/pkgs/gizclaw/api/rpcproto.PetStats contains google.golang.org/protobuf/runtime/protoimpl.MessageState contains sync.Mutex
pkgs/gizclaw/api/rpcapi/generated.go:6022:9: return copies lock value: github.com/GizClaw/gizclaw-go/pkgs/gizclaw/api/rpcproto.ServerPeerLookupRequest contains google.golang.org/protobuf/runtime/protoimpl.MessageState contains sync.Mutex
pkgs/gizclaw/api/rpcapi/generated.go:6026:52: FromServerPeerLookupRequest passes lock by value: github.com/GizClaw/gizclaw-go/pkgs/gizclaw/api/rpcproto.ServerPeerLookupRequest contains google.golang.org/protobuf/runtime/protoimpl.MessageState contains sync.Mutex
pkgs/gizclaw/api/rpcapi/generated.go:6031:53: MergeServerPeerLookupRequest passes lock by value: github.com/GizClaw/gizclaw-go/pkgs/gizclaw/api/rpcproto.ServerPeerLookupRequest contains google.golang.org/protobuf/runtime/protoimpl.MessageState contains sync.Mutex
pkgs/gizclaw/api/rpcapi/generated.go:6039:9: return copies lock value: github.com/GizClaw/gizclaw-go/pkgs/gizclaw/api/rpcproto.ServerPeerAssignRequest contains google.golang.org/protobuf/runtime/protoimpl.MessageState contains sync.Mutex
pkgs/gizclaw/api/rpcapi/generated.go:6043:52: FromServerPeerAssignRequest passes lock by value: github.com/GizClaw/gizclaw-go/pkgs/gizclaw/api/rpcproto.ServerPeerAssignRequest contains google.golang.org/protobuf/runtime/protoimpl.MessageState contains sync.Mutex
pkgs/gizclaw/api/rpcapi/generated.go:6048:53: MergeServerPeerAssignRequest passes lock by value: github.com/GizClaw/gizclaw-go/pkgs/gizclaw/api/rpcproto.ServerPeerAssignRequest contains google.golang.org/protobuf/runtime/protoimpl.MessageState contains sync.Mutex
pkgs/gizclaw/api/rpcapi/generated.go:6056:9: return copies lock value: github.com/GizClaw/gizclaw-go/pkgs/gizclaw/api/rpcproto.ServerRouteResolveRequest contains google.golang.org/protobuf/runtime/protoimpl.MessageState contains sync.Mutex
pkgs/gizclaw/api/rpcapi/generated.go:6060:54: FromServerRouteResolveRequest passes lock by value: github.com/GizClaw/gizclaw-go/pkgs/gizclaw/api/rpcproto.ServerRouteResolveRequest contains google.golang.org/protobuf/runtime/protoimpl.MessageState contains sync.Mutex
pkgs/gizclaw/api/rpcapi/generated.go:6065:55: MergeServerRouteResolveRequest passes lock by value: github.com/GizClaw/gizclaw-go/pkgs/gizclaw/api/rpcproto.ServerRouteResolveRequest contains google.golang.org/protobuf/runtime/protoimpl.MessageState contains sync.Mutex
pkgs/gizclaw/api/rpcapi/generated.go:6073:9: return copies lock value: github.com/GizClaw/gizclaw-go/pkgs/gizclaw/api/rpcproto.ServerAPIKeyResolveRequest contains google.golang.org/protobuf/runtime/protoimpl.MessageState contains sync.Mutex
pkgs/gizclaw/api/rpcapi/generated.go:6077:55: FromServerAPIKeyResolveRequest passes lock by value: github.com/GizClaw/gizclaw-go/pkgs/gizclaw/api/rpcproto.ServerAPIKeyResolveRequest contains google.golang.org/protobuf/runtime/protoimpl.MessageState contains sync.Mutex
pkgs/gizclaw/api/rpcapi/generated.go:6082:56: MergeServerAPIKeyResolveRequest passes lock by value: github.com/GizClaw/gizclaw-go/pkgs/gizclaw/api/rpcproto.ServerAPIKeyResolveRequest contains google.golang.org/protobuf/runtime/protoimpl.MessageState contains sync.Mutex
pkgs/gizclaw/api/rpcapi/generated.go:6090:9: return copies lock value: github.com/GizClaw/gizclaw-go/pkgs/gizclaw/api/rpcproto.ServerPeerLookupResponse contains google.golang.org/protobuf/runtime/protoimpl.MessageState contains sync.Mutex
pkgs/gizclaw/api/rpcapi/generated.go:6094:53: FromServerPeerLookupResponse passes lock by value: github.com/GizClaw/gizclaw-go/pkgs/gizclaw/api/rpcproto.ServerPeerLookupResponse contains google.golang.org/protobuf/runtime/protoimpl.MessageState contains sync.Mutex
pkgs/gizclaw/api/rpcapi/generated.go:6099:54: MergeServerPeerLookupResponse passes lock by value: github.com/GizClaw/gizclaw-go/pkgs/gizclaw/api/rpcproto.ServerPeerLookupResponse contains google.golang.org/protobuf/runtime/protoimpl.MessageState contains sync.Mutex
pkgs/gizclaw/api/rpcapi/generated.go:6107:9: return copies lock value: github.com/GizClaw/gizclaw-go/pkgs/gizclaw/api/rpcproto.ServerPeerAssignResponse contains google.golang.org/protobuf/runtime/protoimpl.MessageState contains sync.Mutex
pkgs/gizclaw/api/rpcapi/generated.go:6111:53: FromServerPeerAssignResponse passes lock by value: github.com/GizClaw/gizclaw-go/pkgs/gizclaw/api/rpcproto.ServerPeerAssignResponse contains google.golang.org/protobuf/runtime/protoimpl.MessageState contains sync.Mutex
pkgs/gizclaw/api/rpcapi/generated.go:6116:54: MergeServerPeerAssignResponse passes lock by value: github.com/GizClaw/gizclaw-go/pkgs/gizclaw/api/rpcproto.ServerPeerAssignResponse contains google.golang.org/protobuf/runtime/protoimpl.MessageState contains sync.Mutex
pkgs/gizclaw/api/rpcapi/generated.go:6124:9: return copies lock value: github.com/GizClaw/gizclaw-go/pkgs/gizclaw/api/rpcproto.ServerRouteResolveResponse contains google.golang.org/protobuf/runtime/protoimpl.MessageState contains sync.Mutex
pkgs/gizclaw/api/rpcapi/generated.go:6128:55: FromServerRouteResolveResponse passes lock by value: github.com/GizClaw/gizclaw-go/pkgs/gizclaw/api/rpcproto.ServerRouteResolveResponse contains google.golang.org/protobuf/runtime/protoimpl.MessageState contains sync.Mutex
pkgs/gizclaw/api/rpcapi/generated.go:6133:56: MergeServerRouteResolveResponse passes lock by value: github.com/GizClaw/gizclaw-go/pkgs/gizclaw/api/rpcproto.ServerRouteResolveResponse contains google.golang.org/protobuf/runtime/protoimpl.MessageState contains sync.Mutex
pkgs/gizclaw/api/rpcapi/generated.go:6141:9: return copies lock value: github.com/GizClaw/gizclaw-go/pkgs/gizclaw/api/rpcproto.ServerAPIKeyResolveResponse contains google.golang.org/protobuf/runtime/protoimpl.MessageState contains sync.Mutex
pkgs/gizclaw/api/rpcapi/generated.go:6145:56: FromServerAPIKeyResolveResponse passes lock by value: github.com/GizClaw/gizclaw-go/pkgs/gizclaw/api/rpcproto.ServerAPIKeyResolveResponse contains google.golang.org/protobuf/runtime/protoimpl.MessageState contains sync.Mutex
pkgs/gizclaw/api/rpcapi/generated.go:6150:57: MergeServerAPIKeyResolveResponse passes lock by value: github.com/GizClaw/gizclaw-go/pkgs/gizclaw/api/rpcproto.ServerAPIKeyResolveResponse contains google.golang.org/protobuf/runtime/protoimpl.MessageState contains sync.Mutex
pkgs/gizclaw/api/rpcapi/payload_codec.go:1126:30: call of reflect.ValueOf copies lock value: google.golang.org/protobuf/types/known/structpb.Struct contains google.golang.org/protobuf/runtime/protoimpl.MessageState contains sync.Mutex
pkgs/gizclaw/api/rpcapi/payload_codec.go:993:9: assignment copies lock value to st: google.golang.org/protobuf/types/known/structpb.Struct contains google.golang.org/protobuf/runtime/protoimpl.MessageState contains sync.Mutex
sdk/go/gizcli/client.go:440:75: ServerPeerLookup passes lock by value: github.com/GizClaw/gizclaw-go/pkgs/gizclaw/api/rpcproto.ServerPeerLookupRequest contains google.golang.org/protobuf/runtime/protoimpl.MessageState contains sync.Mutex
sdk/go/gizcli/client.go:442:49: call of client.ServerPeerLookup copies lock value: github.com/GizClaw/gizclaw-go/pkgs/gizclaw/api/rpcproto.ServerPeerLookupRequest contains google.golang.org/protobuf/runtime/protoimpl.MessageState contains sync.Mutex
sdk/go/gizcli/client.go:446:75: ServerPeerAssign passes lock by value: github.com/GizClaw/gizclaw-go/pkgs/gizclaw/api/rpcproto.ServerPeerAssignRequest contains google.golang.org/protobuf/runtime/protoimpl.MessageState contains sync.Mutex
sdk/go/gizcli/client.go:448:49: call of client.ServerPeerAssign copies lock value: github.com/GizClaw/gizclaw-go/pkgs/gizclaw/api/rpcproto.ServerPeerAssignRequest contains google.golang.org/protobuf/runtime/protoimpl.MessageState contains sync.Mutex
sdk/go/gizcli/client.go:452:77: ServerRouteResolve passes lock by value: github.com/GizClaw/gizclaw-go/pkgs/gizclaw/api/rpcproto.ServerRouteResolveRequest contains google.golang.org/protobuf/runtime/protoimpl.MessageState contains sync.Mutex
sdk/go/gizcli/client.go:454:51: call of client.ServerRouteResolve copies lock value: github.com/GizClaw/gizclaw-go/pkgs/gizclaw/api/rpcproto.ServerRouteResolveRequest contains google.golang.org/protobuf/runtime/protoimpl.MessageState contains sync.Mutex
sdk/go/gizcli/client.go:458:78: ServerAPIKeyResolve passes lock by value: github.com/GizClaw/gizclaw-go/pkgs/gizclaw/api/rpcproto.ServerAPIKeyResolveRequest contains google.golang.org/protobuf/runtime/protoimpl.MessageState contains sync.Mutex
sdk/go/gizcli/client.go:460:52: call of client.ServerAPIKeyResolve copies lock value: github.com/GizClaw/gizclaw-go/pkgs/gizclaw/api/rpcproto.ServerAPIKeyResolveRequest contains google.golang.org/protobuf/runtime/protoimpl.MessageState contains sync.Mutex
sdk/go/gizcli/rpc_edge.go:11:93: ServerPeerLookup passes lock by value: github.com/GizClaw/gizclaw-go/pkgs/gizclaw/api/rpcproto.ServerPeerLookupRequest contains google.golang.org/protobuf/runtime/protoimpl.MessageState contains sync.Mutex
sdk/go/gizcli/rpc_edge.go:12:74: call of callResourceRPC copies lock value: github.com/GizClaw/gizclaw-go/pkgs/gizclaw/api/rpcproto.ServerPeerLookupRequest contains google.golang.org/protobuf/runtime/protoimpl.MessageState contains sync.Mutex
sdk/go/gizcli/rpc_edge.go:15:93: ServerPeerAssign passes lock by value: github.com/GizClaw/gizclaw-go/pkgs/gizclaw/api/rpcproto.ServerPeerAssignRequest contains google.golang.org/protobuf/runtime/protoimpl.MessageState contains sync.Mutex
sdk/go/gizcli/rpc_edge.go:16:74: call of callResourceRPC copies lock value: github.com/GizClaw/gizclaw-go/pkgs/gizclaw/api/rpcproto.ServerPeerAssignRequest contains google.golang.org/protobuf/runtime/protoimpl.MessageState contains sync.Mutex
sdk/go/gizcli/rpc_edge.go:19:95: ServerRouteResolve passes lock by value: github.com/GizClaw/gizclaw-go/pkgs/gizclaw/api/rpcproto.ServerRouteResolveRequest contains google.golang.org/protobuf/runtime/protoimpl.MessageState contains sync.Mutex
sdk/go/gizcli/rpc_edge.go:20:76: call of callResourceRPC copies lock value: github.com/GizClaw/gizclaw-go/pkgs/gizclaw/api/rpcproto.ServerRouteResolveRequest contains google.golang.org/protobuf/runtime/protoimpl.MessageState contains sync.Mutex
sdk/go/gizcli/rpc_edge.go:23:96: ServerAPIKeyResolve passes lock by value: github.com/GizClaw/gizclaw-go/pkgs/gizclaw/api/rpcproto.ServerAPIKeyResolveRequest contains google.golang.org/protobuf/runtime/protoimpl.MessageState contains sync.Mutex
sdk/go/gizcli/rpc_edge.go:24:77: call of callResourceRPC copies lock value: github.com/GizClaw/gizclaw-go/pkgs/gizclaw/api/rpcproto.ServerAPIKeyResolveRequest contains google.golang.org/protobuf/runtime/protoimpl.MessageState contains sync.Mutex
