pkgs/gizclaw/api/rpcapi/codec_test.go:393:46: call of t.Fatalf copies lock value: github.com/GizClaw/gizclaw-go/pkgs/gizclaw/api/rpcproto.PingRequest contains google.golang.org/protobuf/runtime/protoimpl.MessageState contains sync.Mutex
pkgs/gizclaw/api/rpcapi/codec_test.go:416:47: call of t.Fatalf copies lock value: github.com/GizClaw/gizclaw-go/pkgs/gizclaw/api/rpcproto.PingResponse contains google.golang.org/protobuf/runtime/protoimpl.MessageState contains sync.Mutex
pkgs/gizclaw/api/rpcapi/codec_test.go:454:46: call of t.Fatalf copies lock value: github.com/GizClaw/gizclaw-go/pkgs/gizclaw/api/rpcproto.ServerPeerAssignRequest contains google.golang.org/protobuf/runtime/protoimpl.MessageState contains sync.Mutex
pkgs/gizclaw/api/rpcapi/codec_test.go:483:47: call of t.Fatalf copies lock value: github.com/GizClaw/gizclaw-go/pkgs/gizclaw/api/rpcproto.ServerPeerAssignResponse contains google.golang.org/protobuf/runtime/protoimpl.MessageState contains sync.Mutex
pkgs/gizclaw/api/rpcapi/codec_test.go:495:38: call of t.Fatalf copies lock value: github.com/GizClaw/gizclaw-go/pkgs/gizclaw/api/rpcproto.ServerPeerAssignResponse contains google.golang.org/protobuf/runtime/protoimpl.MessageState contains sync.Mutex
pkgs/gizclaw/api/rpcapi/generated.go:4984:9: return copies lock value: github.com/GizClaw/gizclaw-go/pkgs/gizclaw/api/rpcproto.ServerPeerLookupRequest contains google.golang.org/protobuf/runtime/protoimpl.MessageState contains sync.Mutex
pkgs/gizclaw/api/rpcapi/generated.go:4988:52: FromServerPeerLookupRequest passes lock by value: github.com/GizClaw/gizclaw-go/pkgs/gizclaw/api/rpcproto.ServerPeerLookupRequest contains google.golang.org/protobuf/runtime/protoimpl.MessageState contains sync.Mutex
pkgs/gizclaw/api/rpcapi/generated.go:4993:53: MergeServerPeerLookupRequest passes lock by value: github.com/GizClaw/gizclaw-go/pkgs/gizclaw/api/rpcproto.ServerPeerLookupRequest contains google.golang.org/protobuf/runtime/protoimpl.MessageState contains sync.Mutex
pkgs/gizclaw/api/rpcapi/generated.go:5001:9: return copies lock value: github.com/GizClaw/gizclaw-go/pkgs/gizclaw/api/rpcproto.ServerPeerAssignRequest contains google.golang.org/protobuf/runtime/protoimpl.MessageState contains sync.Mutex
pkgs/gizclaw/api/rpcapi/generated.go:5005:52: FromServerPeerAssignRequest passes lock by value: github.com/GizClaw/gizclaw-go/pkgs/gizclaw/api/rpcproto.ServerPeerAssignRequest contains google.golang.org/protobuf/runtime/protoimpl.MessageState contains sync.Mutex
pkgs/gizclaw/api/rpcapi/generated.go:5010:53: MergeServerPeerAssignRequest passes lock by value: github.com/GizClaw/gizclaw-go/pkgs/gizclaw/api/rpcproto.ServerPeerAssignRequest contains google.golang.org/protobuf/runtime/protoimpl.MessageState contains sync.Mutex
pkgs/gizclaw/api/rpcapi/generated.go:5018:9: return copies lock value: github.com/GizClaw/gizclaw-go/pkgs/gizclaw/api/rpcproto.ServerRouteResolveRequest contains google.golang.org/protobuf/runtime/protoimpl.MessageState contains sync.Mutex
pkgs/gizclaw/api/rpcapi/generated.go:5022:54: FromServerRouteResolveRequest passes lock by value: github.com/GizClaw/gizclaw-go/pkgs/gizclaw/api/rpcproto.ServerRouteResolveRequest contains google.golang.org/protobuf/runtime/protoimpl.MessageState contains sync.Mutex
pkgs/gizclaw/api/rpcapi/generated.go:5027:55: MergeServerRouteResolveRequest passes lock by value: github.com/GizClaw/gizclaw-go/pkgs/gizclaw/api/rpcproto.ServerRouteResolveRequest contains google.golang.org/protobuf/runtime/protoimpl.MessageState contains sync.Mutex
pkgs/gizclaw/api/rpcapi/generated.go:5035:9: return copies lock value: github.com/GizClaw/gizclaw-go/pkgs/gizclaw/api/rpcproto.ServerAPIKeyResolveRequest contains google.golang.org/protobuf/runtime/protoimpl.MessageState contains sync.Mutex
pkgs/gizclaw/api/rpcapi/generated.go:5039:55: FromServerAPIKeyResolveRequest passes lock by value: github.com/GizClaw/gizclaw-go/pkgs/gizclaw/api/rpcproto.ServerAPIKeyResolveRequest contains google.golang.org/protobuf/runtime/protoimpl.MessageState contains sync.Mutex
pkgs/gizclaw/api/rpcapi/generated.go:5044:56: MergeServerAPIKeyResolveRequest passes lock by value: github.com/GizClaw/gizclaw-go/pkgs/gizclaw/api/rpcproto.ServerAPIKeyResolveRequest contains google.golang.org/protobuf/runtime/protoimpl.MessageState contains sync.Mutex
pkgs/gizclaw/api/rpcapi/generated.go:5052:9: return copies lock value: github.com/GizClaw/gizclaw-go/pkgs/gizclaw/api/rpcproto.ServerPeerLookupResponse contains google.golang.org/protobuf/runtime/protoimpl.MessageState contains sync.Mutex
pkgs/gizclaw/api/rpcapi/generated.go:5056:53: FromServerPeerLookupResponse passes lock by value: github.com/GizClaw/gizclaw-go/pkgs/gizclaw/api/rpcproto.ServerPeerLookupResponse contains google.golang.org/protobuf/runtime/protoimpl.MessageState contains sync.Mutex
pkgs/gizclaw/api/rpcapi/generated.go:5061:54: MergeServerPeerLookupResponse passes lock by value: github.com/GizClaw/gizclaw-go/pkgs/gizclaw/api/rpcproto.ServerPeerLookupResponse contains google.golang.org/protobuf/runtime/protoimpl.MessageState contains sync.Mutex
pkgs/gizclaw/api/rpcapi/generated.go:5069:9: return copies lock value: github.com/GizClaw/gizclaw-go/pkgs/gizclaw/api/rpcproto.ServerPeerAssignResponse contains google.golang.org/protobuf/runtime/protoimpl.MessageState contains sync.Mutex
pkgs/gizclaw/api/rpcapi/generated.go:5073:53: FromServerPeerAssignResponse passes lock by value: github.com/GizClaw/gizclaw-go/pkgs/gizclaw/api/rpcproto.ServerPeerAssignResponse contains google.golang.org/protobuf/runtime/protoimpl.MessageState contains sync.Mutex
pkgs/gizclaw/api/rpcapi/generated.go:5078:54: MergeServerPeerAssignResponse passes lock by value: github.com/GizClaw/gizclaw-go/pkgs/gizclaw/api/rpcproto.ServerPeerAssignResponse contains google.golang.org/protobuf/runtime/protoimpl.MessageState contains sync.Mutex
pkgs/gizclaw/api/rpcapi/generated.go:5086:9: return copies lock value: github.com/GizClaw/gizclaw-go/pkgs/gizclaw/api/rpcproto.ServerRouteResolveResponse contains google.golang.org/protobuf/runtime/protoimpl.MessageState contains sync.Mutex
pkgs/gizclaw/api/rpcapi/generated.go:5090:55: FromServerRouteResolveResponse passes lock by value: github.com/GizClaw/gizclaw-go/pkgs/gizclaw/api/rpcproto.ServerRouteResolveResponse contains google.golang.org/protobuf/runtime/protoimpl.MessageState contains sync.Mutex
pkgs/gizclaw/api/rpcapi/generated.go:5095:56: MergeServerRouteResolveResponse passes lock by value: github.com/GizClaw/gizclaw-go/pkgs/gizclaw/api/rpcproto.ServerRouteResolveResponse contains google.golang.org/protobuf/runtime/protoimpl.MessageState contains sync.Mutex
pkgs/gizclaw/api/rpcapi/generated.go:5103:9: return copies lock value: github.com/GizClaw/gizclaw-go/pkgs/gizclaw/api/rpcproto.ServerAPIKeyResolveResponse contains google.golang.org/protobuf/runtime/protoimpl.MessageState contains sync.Mutex
pkgs/gizclaw/api/rpcapi/generated.go:5107:56: FromServerAPIKeyResolveResponse passes lock by value: github.com/GizClaw/gizclaw-go/pkgs/gizclaw/api/rpcproto.ServerAPIKeyResolveResponse contains google.golang.org/protobuf/runtime/protoimpl.MessageState contains sync.Mutex
pkgs/gizclaw/api/rpcapi/generated.go:5112:57: MergeServerAPIKeyResolveResponse passes lock by value: github.com/GizClaw/gizclaw-go/pkgs/gizclaw/api/rpcproto.ServerAPIKeyResolveResponse contains google.golang.org/protobuf/runtime/protoimpl.MessageState contains sync.Mutex
pkgs/gizclaw/api/rpcapi/payload_codec.go:1132:30: call of reflect.ValueOf copies lock value: google.golang.org/protobuf/types/known/structpb.Struct contains google.golang.org/protobuf/runtime/protoimpl.MessageState contains sync.Mutex
pkgs/gizclaw/api/rpcapi/payload_codec.go:999:9: assignment copies lock value to st: google.golang.org/protobuf/types/known/structpb.Struct contains google.golang.org/protobuf/runtime/protoimpl.MessageState contains sync.Mutex
sdk/go/gizcli/client.go:424:75: ServerPeerLookup passes lock by value: github.com/GizClaw/gizclaw-go/pkgs/gizclaw/api/rpcproto.ServerPeerLookupRequest contains google.golang.org/protobuf/runtime/protoimpl.MessageState contains sync.Mutex
sdk/go/gizcli/client.go:426:49: call of client.ServerPeerLookup copies lock value: github.com/GizClaw/gizclaw-go/pkgs/gizclaw/api/rpcproto.ServerPeerLookupRequest contains google.golang.org/protobuf/runtime/protoimpl.MessageState contains sync.Mutex
sdk/go/gizcli/client.go:430:75: ServerPeerAssign passes lock by value: github.com/GizClaw/gizclaw-go/pkgs/gizclaw/api/rpcproto.ServerPeerAssignRequest contains google.golang.org/protobuf/runtime/protoimpl.MessageState contains sync.Mutex
sdk/go/gizcli/client.go:432:49: call of client.ServerPeerAssign copies lock value: github.com/GizClaw/gizclaw-go/pkgs/gizclaw/api/rpcproto.ServerPeerAssignRequest contains google.golang.org/protobuf/runtime/protoimpl.MessageState contains sync.Mutex
sdk/go/gizcli/client.go:436:77: ServerRouteResolve passes lock by value: github.com/GizClaw/gizclaw-go/pkgs/gizclaw/api/rpcproto.ServerRouteResolveRequest contains google.golang.org/protobuf/runtime/protoimpl.MessageState contains sync.Mutex
sdk/go/gizcli/client.go:438:51: call of client.ServerRouteResolve copies lock value: github.com/GizClaw/gizclaw-go/pkgs/gizclaw/api/rpcproto.ServerRouteResolveRequest contains google.golang.org/protobuf/runtime/protoimpl.MessageState contains sync.Mutex
sdk/go/gizcli/client.go:442:78: ServerAPIKeyResolve passes lock by value: github.com/GizClaw/gizclaw-go/pkgs/gizclaw/api/rpcproto.ServerAPIKeyResolveRequest contains google.golang.org/protobuf/runtime/protoimpl.MessageState contains sync.Mutex
sdk/go/gizcli/client.go:444:52: call of client.ServerAPIKeyResolve copies lock value: github.com/GizClaw/gizclaw-go/pkgs/gizclaw/api/rpcproto.ServerAPIKeyResolveRequest contains google.golang.org/protobuf/runtime/protoimpl.MessageState contains sync.Mutex
sdk/go/gizcli/rpc_edge.go:11:93: ServerPeerLookup passes lock by value: github.com/GizClaw/gizclaw-go/pkgs/gizclaw/api/rpcproto.ServerPeerLookupRequest contains google.golang.org/protobuf/runtime/protoimpl.MessageState contains sync.Mutex
sdk/go/gizcli/rpc_edge.go:12:74: call of callResourceRPC copies lock value: github.com/GizClaw/gizclaw-go/pkgs/gizclaw/api/rpcproto.ServerPeerLookupRequest contains google.golang.org/protobuf/runtime/protoimpl.MessageState contains sync.Mutex
sdk/go/gizcli/rpc_edge.go:15:93: ServerPeerAssign passes lock by value: github.com/GizClaw/gizclaw-go/pkgs/gizclaw/api/rpcproto.ServerPeerAssignRequest contains google.golang.org/protobuf/runtime/protoimpl.MessageState contains sync.Mutex
sdk/go/gizcli/rpc_edge.go:16:74: call of callResourceRPC copies lock value: github.com/GizClaw/gizclaw-go/pkgs/gizclaw/api/rpcproto.ServerPeerAssignRequest contains google.golang.org/protobuf/runtime/protoimpl.MessageState contains sync.Mutex
sdk/go/gizcli/rpc_edge.go:19:95: ServerRouteResolve passes lock by value: github.com/GizClaw/gizclaw-go/pkgs/gizclaw/api/rpcproto.ServerRouteResolveRequest contains google.golang.org/protobuf/runtime/protoimpl.MessageState contains sync.Mutex
sdk/go/gizcli/rpc_edge.go:20:76: call of callResourceRPC copies lock value: github.com/GizClaw/gizclaw-go/pkgs/gizclaw/api/rpcproto.ServerRouteResolveRequest contains google.golang.org/protobuf/runtime/protoimpl.MessageState contains sync.Mutex
sdk/go/gizcli/rpc_edge.go:23:96: ServerAPIKeyResolve passes lock by value: github.com/GizClaw/gizclaw-go/pkgs/gizclaw/api/rpcproto.ServerAPIKeyResolveRequest contains google.golang.org/protobuf/runtime/protoimpl.MessageState contains sync.Mutex
sdk/go/gizcli/rpc_edge.go:24:77: call of callResourceRPC copies lock value: github.com/GizClaw/gizclaw-go/pkgs/gizclaw/api/rpcproto.ServerAPIKeyResolveRequest contains google.golang.org/protobuf/runtime/protoimpl.MessageState contains sync.Mutex
