pkgs/gizclaw/api/rpcapi/codec_test.go:375:46: call of t.Fatalf copies lock value: github.com/GizClaw/gizclaw-go/pkgs/gizclaw/api/rpcproto.PingRequest contains google.golang.org/protobuf/runtime/protoimpl.MessageState contains sync.Mutex
pkgs/gizclaw/api/rpcapi/codec_test.go:398:47: call of t.Fatalf copies lock value: github.com/GizClaw/gizclaw-go/pkgs/gizclaw/api/rpcproto.PingResponse contains google.golang.org/protobuf/runtime/protoimpl.MessageState contains sync.Mutex
pkgs/gizclaw/api/rpcapi/codec_test.go:436:46: call of t.Fatalf copies lock value: github.com/GizClaw/gizclaw-go/pkgs/gizclaw/api/rpcproto.ServerPeerAssignRequest contains google.golang.org/protobuf/runtime/protoimpl.MessageState contains sync.Mutex
pkgs/gizclaw/api/rpcapi/codec_test.go:465:47: call of t.Fatalf copies lock value: github.com/GizClaw/gizclaw-go/pkgs/gizclaw/api/rpcproto.ServerPeerAssignResponse contains google.golang.org/protobuf/runtime/protoimpl.MessageState contains sync.Mutex
pkgs/gizclaw/api/rpcapi/codec_test.go:477:38: call of t.Fatalf copies lock value: github.com/GizClaw/gizclaw-go/pkgs/gizclaw/api/rpcproto.ServerPeerAssignResponse contains google.golang.org/protobuf/runtime/protoimpl.MessageState contains sync.Mutex
pkgs/gizclaw/api/rpcapi/codec_test.go:653:27: call of t.Fatalf copies lock value: github.com/GizClaw/gizclaw-go/pkgs/gizclaw/api/rpcproto.PetStats contains google.golang.org/protobuf/runtime/protoimpl.MessageState contains sync.Mutex
pkgs/gizclaw/api/rpcapi/generated.go:6299:9: return copies lock value: github.com/GizClaw/gizclaw-go/pkgs/gizclaw/api/rpcproto.ServerPeerLookupRequest contains google.golang.org/protobuf/runtime/protoimpl.MessageState contains sync.Mutex
pkgs/gizclaw/api/rpcapi/generated.go:6303:52: FromServerPeerLookupRequest passes lock by value: github.com/GizClaw/gizclaw-go/pkgs/gizclaw/api/rpcproto.ServerPeerLookupRequest contains google.golang.org/protobuf/runtime/protoimpl.MessageState contains sync.Mutex
pkgs/gizclaw/api/rpcapi/generated.go:6308:53: MergeServerPeerLookupRequest passes lock by value: github.com/GizClaw/gizclaw-go/pkgs/gizclaw/api/rpcproto.ServerPeerLookupRequest contains google.golang.org/protobuf/runtime/protoimpl.MessageState contains sync.Mutex
pkgs/gizclaw/api/rpcapi/generated.go:6316:9: return copies lock value: github.com/GizClaw/gizclaw-go/pkgs/gizclaw/api/rpcproto.ServerPeerAssignRequest contains google.golang.org/protobuf/runtime/protoimpl.MessageState contains sync.Mutex
pkgs/gizclaw/api/rpcapi/generated.go:6320:52: FromServerPeerAssignRequest passes lock by value: github.com/GizClaw/gizclaw-go/pkgs/gizclaw/api/rpcproto.ServerPeerAssignRequest contains google.golang.org/protobuf/runtime/protoimpl.MessageState contains sync.Mutex
pkgs/gizclaw/api/rpcapi/generated.go:6325:53: MergeServerPeerAssignRequest passes lock by value: github.com/GizClaw/gizclaw-go/pkgs/gizclaw/api/rpcproto.ServerPeerAssignRequest contains google.golang.org/protobuf/runtime/protoimpl.MessageState contains sync.Mutex
pkgs/gizclaw/api/rpcapi/generated.go:6333:9: return copies lock value: github.com/GizClaw/gizclaw-go/pkgs/gizclaw/api/rpcproto.ServerRouteResolveRequest contains google.golang.org/protobuf/runtime/protoimpl.MessageState contains sync.Mutex
pkgs/gizclaw/api/rpcapi/generated.go:6337:54: FromServerRouteResolveRequest passes lock by value: github.com/GizClaw/gizclaw-go/pkgs/gizclaw/api/rpcproto.ServerRouteResolveRequest contains google.golang.org/protobuf/runtime/protoimpl.MessageState contains sync.Mutex
pkgs/gizclaw/api/rpcapi/generated.go:6342:55: MergeServerRouteResolveRequest passes lock by value: github.com/GizClaw/gizclaw-go/pkgs/gizclaw/api/rpcproto.ServerRouteResolveRequest contains google.golang.org/protobuf/runtime/protoimpl.MessageState contains sync.Mutex
pkgs/gizclaw/api/rpcapi/generated.go:6350:9: return copies lock value: github.com/GizClaw/gizclaw-go/pkgs/gizclaw/api/rpcproto.ServerAPIKeyResolveRequest contains google.golang.org/protobuf/runtime/protoimpl.MessageState contains sync.Mutex
pkgs/gizclaw/api/rpcapi/generated.go:6354:55: FromServerAPIKeyResolveRequest passes lock by value: github.com/GizClaw/gizclaw-go/pkgs/gizclaw/api/rpcproto.ServerAPIKeyResolveRequest contains google.golang.org/protobuf/runtime/protoimpl.MessageState contains sync.Mutex
pkgs/gizclaw/api/rpcapi/generated.go:6359:56: MergeServerAPIKeyResolveRequest passes lock by value: github.com/GizClaw/gizclaw-go/pkgs/gizclaw/api/rpcproto.ServerAPIKeyResolveRequest contains google.golang.org/protobuf/runtime/protoimpl.MessageState contains sync.Mutex
pkgs/gizclaw/api/rpcapi/generated.go:6367:9: return copies lock value: github.com/GizClaw/gizclaw-go/pkgs/gizclaw/api/rpcproto.ServerPeerLookupResponse contains google.golang.org/protobuf/runtime/protoimpl.MessageState contains sync.Mutex
pkgs/gizclaw/api/rpcapi/generated.go:6371:53: FromServerPeerLookupResponse passes lock by value: github.com/GizClaw/gizclaw-go/pkgs/gizclaw/api/rpcproto.ServerPeerLookupResponse contains google.golang.org/protobuf/runtime/protoimpl.MessageState contains sync.Mutex
pkgs/gizclaw/api/rpcapi/generated.go:6376:54: MergeServerPeerLookupResponse passes lock by value: github.com/GizClaw/gizclaw-go/pkgs/gizclaw/api/rpcproto.ServerPeerLookupResponse contains google.golang.org/protobuf/runtime/protoimpl.MessageState contains sync.Mutex
pkgs/gizclaw/api/rpcapi/generated.go:6384:9: return copies lock value: github.com/GizClaw/gizclaw-go/pkgs/gizclaw/api/rpcproto.ServerPeerAssignResponse contains google.golang.org/protobuf/runtime/protoimpl.MessageState contains sync.Mutex
pkgs/gizclaw/api/rpcapi/generated.go:6388:53: FromServerPeerAssignResponse passes lock by value: github.com/GizClaw/gizclaw-go/pkgs/gizclaw/api/rpcproto.ServerPeerAssignResponse contains google.golang.org/protobuf/runtime/protoimpl.MessageState contains sync.Mutex
pkgs/gizclaw/api/rpcapi/generated.go:6393:54: MergeServerPeerAssignResponse passes lock by value: github.com/GizClaw/gizclaw-go/pkgs/gizclaw/api/rpcproto.ServerPeerAssignResponse contains google.golang.org/protobuf/runtime/protoimpl.MessageState contains sync.Mutex
pkgs/gizclaw/api/rpcapi/generated.go:6401:9: return copies lock value: github.com/GizClaw/gizclaw-go/pkgs/gizclaw/api/rpcproto.ServerRouteResolveResponse contains google.golang.org/protobuf/runtime/protoimpl.MessageState contains sync.Mutex
pkgs/gizclaw/api/rpcapi/generated.go:6405:55: FromServerRouteResolveResponse passes lock by value: github.com/GizClaw/gizclaw-go/pkgs/gizclaw/api/rpcproto.ServerRouteResolveResponse contains google.golang.org/protobuf/runtime/protoimpl.MessageState contains sync.Mutex
pkgs/gizclaw/api/rpcapi/generated.go:6410:56: MergeServerRouteResolveResponse passes lock by value: github.com/GizClaw/gizclaw-go/pkgs/gizclaw/api/rpcproto.ServerRouteResolveResponse contains google.golang.org/protobuf/runtime/protoimpl.MessageState contains sync.Mutex
pkgs/gizclaw/api/rpcapi/generated.go:6418:9: return copies lock value: github.com/GizClaw/gizclaw-go/pkgs/gizclaw/api/rpcproto.ServerAPIKeyResolveResponse contains google.golang.org/protobuf/runtime/protoimpl.MessageState contains sync.Mutex
pkgs/gizclaw/api/rpcapi/generated.go:6422:56: FromServerAPIKeyResolveResponse passes lock by value: github.com/GizClaw/gizclaw-go/pkgs/gizclaw/api/rpcproto.ServerAPIKeyResolveResponse contains google.golang.org/protobuf/runtime/protoimpl.MessageState contains sync.Mutex
pkgs/gizclaw/api/rpcapi/generated.go:6427:57: MergeServerAPIKeyResolveResponse passes lock by value: github.com/GizClaw/gizclaw-go/pkgs/gizclaw/api/rpcproto.ServerAPIKeyResolveResponse contains google.golang.org/protobuf/runtime/protoimpl.MessageState contains sync.Mutex
pkgs/gizclaw/api/rpcapi/payload_codec.go:1127:30: call of reflect.ValueOf copies lock value: google.golang.org/protobuf/types/known/structpb.Struct contains google.golang.org/protobuf/runtime/protoimpl.MessageState contains sync.Mutex
pkgs/gizclaw/api/rpcapi/payload_codec.go:994:9: assignment copies lock value to st: google.golang.org/protobuf/types/known/structpb.Struct contains google.golang.org/protobuf/runtime/protoimpl.MessageState contains sync.Mutex
sdk/go/gizcli/client.go:449:75: ServerPeerLookup passes lock by value: github.com/GizClaw/gizclaw-go/pkgs/gizclaw/api/rpcproto.ServerPeerLookupRequest contains google.golang.org/protobuf/runtime/protoimpl.MessageState contains sync.Mutex
sdk/go/gizcli/client.go:451:49: call of client.ServerPeerLookup copies lock value: github.com/GizClaw/gizclaw-go/pkgs/gizclaw/api/rpcproto.ServerPeerLookupRequest contains google.golang.org/protobuf/runtime/protoimpl.MessageState contains sync.Mutex
sdk/go/gizcli/client.go:455:75: ServerPeerAssign passes lock by value: github.com/GizClaw/gizclaw-go/pkgs/gizclaw/api/rpcproto.ServerPeerAssignRequest contains google.golang.org/protobuf/runtime/protoimpl.MessageState contains sync.Mutex
sdk/go/gizcli/client.go:457:49: call of client.ServerPeerAssign copies lock value: github.com/GizClaw/gizclaw-go/pkgs/gizclaw/api/rpcproto.ServerPeerAssignRequest contains google.golang.org/protobuf/runtime/protoimpl.MessageState contains sync.Mutex
sdk/go/gizcli/client.go:461:77: ServerRouteResolve passes lock by value: github.com/GizClaw/gizclaw-go/pkgs/gizclaw/api/rpcproto.ServerRouteResolveRequest contains google.golang.org/protobuf/runtime/protoimpl.MessageState contains sync.Mutex
sdk/go/gizcli/client.go:463:51: call of client.ServerRouteResolve copies lock value: github.com/GizClaw/gizclaw-go/pkgs/gizclaw/api/rpcproto.ServerRouteResolveRequest contains google.golang.org/protobuf/runtime/protoimpl.MessageState contains sync.Mutex
sdk/go/gizcli/client.go:467:78: ServerAPIKeyResolve passes lock by value: github.com/GizClaw/gizclaw-go/pkgs/gizclaw/api/rpcproto.ServerAPIKeyResolveRequest contains google.golang.org/protobuf/runtime/protoimpl.MessageState contains sync.Mutex
sdk/go/gizcli/client.go:469:52: call of client.ServerAPIKeyResolve copies lock value: github.com/GizClaw/gizclaw-go/pkgs/gizclaw/api/rpcproto.ServerAPIKeyResolveRequest contains google.golang.org/protobuf/runtime/protoimpl.MessageState contains sync.Mutex
sdk/go/gizcli/rpc_edge.go:11:93: ServerPeerLookup passes lock by value: github.com/GizClaw/gizclaw-go/pkgs/gizclaw/api/rpcproto.ServerPeerLookupRequest contains google.golang.org/protobuf/runtime/protoimpl.MessageState contains sync.Mutex
sdk/go/gizcli/rpc_edge.go:12:74: call of callResourceRPC copies lock value: github.com/GizClaw/gizclaw-go/pkgs/gizclaw/api/rpcproto.ServerPeerLookupRequest contains google.golang.org/protobuf/runtime/protoimpl.MessageState contains sync.Mutex
sdk/go/gizcli/rpc_edge.go:15:93: ServerPeerAssign passes lock by value: github.com/GizClaw/gizclaw-go/pkgs/gizclaw/api/rpcproto.ServerPeerAssignRequest contains google.golang.org/protobuf/runtime/protoimpl.MessageState contains sync.Mutex
sdk/go/gizcli/rpc_edge.go:16:74: call of callResourceRPC copies lock value: github.com/GizClaw/gizclaw-go/pkgs/gizclaw/api/rpcproto.ServerPeerAssignRequest contains google.golang.org/protobuf/runtime/protoimpl.MessageState contains sync.Mutex
sdk/go/gizcli/rpc_edge.go:19:95: ServerRouteResolve passes lock by value: github.com/GizClaw/gizclaw-go/pkgs/gizclaw/api/rpcproto.ServerRouteResolveRequest contains google.golang.org/protobuf/runtime/protoimpl.MessageState contains sync.Mutex
sdk/go/gizcli/rpc_edge.go:20:76: call of callResourceRPC copies lock value: github.com/GizClaw/gizclaw-go/pkgs/gizclaw/api/rpcproto.ServerRouteResolveRequest contains google.golang.org/protobuf/runtime/protoimpl.MessageState contains sync.Mutex
sdk/go/gizcli/rpc_edge.go:23:96: ServerAPIKeyResolve passes lock by value: github.com/GizClaw/gizclaw-go/pkgs/gizclaw/api/rpcproto.ServerAPIKeyResolveRequest contains google.golang.org/protobuf/runtime/protoimpl.MessageState contains sync.Mutex
sdk/go/gizcli/rpc_edge.go:24:77: call of callResourceRPC copies lock value: github.com/GizClaw/gizclaw-go/pkgs/gizclaw/api/rpcproto.ServerAPIKeyResolveRequest contains google.golang.org/protobuf/runtime/protoimpl.MessageState contains sync.Mutex
